Microchip MPLAB XC8 Compiler V2.36

Linker command line:

-W-3 --edf=C:\Program Files\Microchip\xc8\v2.36\pic\dat\en_msgs.txt -cn \
  -h+dist/default/production\DHT22_LCD_PIC18F4550.X.production.sym \
  --cmf=dist/default/production\DHT22_LCD_PIC18F4550.X.production.cmf -z \
  -Q18F4550 -oC:\Users\57310\AppData\Local\Temp\xcAs3a8.4 \
  --defsym=__MPLAB_BUILD=1 \
  -Mdist/default/production/DHT22_LCD_PIC18F4550.X.production.map \
  --md=C:\Users\57310\AppData\Local\Temp\xcAs3a8.dat -E1 -ver=XC8 Compiler \
  -ACODE=00h-07FFFh -ACONST=00h-07FFFh -ASMALLCONST=0800h-08FFhx120 \
  -AMEDIUMCONST=0800h-07FFFh -ACOMRAM=01h-05Fh -AABS1=00h-07FFh \
  -ABIGRAM=01h-07FFh -ARAM=060h-0FFh,0100h-01FFhx7 -ABANK0=060h-0FFh \
  -ABANK1=0100h-01FFh -ABANK2=0200h-02FFh -ABANK3=0300h-03FFh \
  -ABANK4=0400h-04FFh -ABANK5=0500h-05FFh -ABANK6=0600h-06FFh \
  -ABANK7=0700h-07FFh -ASFR=0F60h-0FFFh -ABIGSFR=0F60h-0FFFh \
  -ACONFIG=0300000h-030000Dh -AIDLOC=0200000h-0200007h \
  -AEEDATA=0F00000h-0F000FFh -peeprom_data=EEDATA \
  -preset_vec=00h,intcode,intcodelo,powerup,init -pramtop=0800h \
  -psmallconst=SMALLCONST -pmediumconst=MEDIUMCONST -pconst=CONST \
  -AFARRAM=00h-00h \
  -prdata=COMRAM,nvrram=COMRAM,nvbit=COMRAM,rbss=COMRAM,rbit=COMRAM \
  -pfarbss=FARRAM,fardata=FARRAM,nvFARRAM=FARRAM \
  -pintsave_regs=BIGRAM,bigbss=BIGRAM,bigdata=BIGRAM -pbss=RAM \
  -pidata=CODE,irdata=CODE,ibigdata=CODE,ifardata=CODE -prparam=COMRAM \
  C:\Users\57310\AppData\Local\Temp\xcAs3a8.o \
  dist/default/production\DHT22_LCD_PIC18F4550.X.production.o 

Object code version is 3.11

Machine type is 18F4550



                Name                               Link     Load   Length Selector   Space Scale
C:\Users\57310\AppData\Local\Temp\xcAs3a8.o
                idloc                            200000   200000        8        0       5
                config                           300000   300000        E        0       4
                init                                  0        0        4        0       0
dist/default/production\DHT22_LCD_PIC18F4550.X.production.o
                idloc                            200000   200000        8        0       5
                config                           300000   300000        E        0       4
                smallconst                          800      800       9A      400       0
                text33                             2546     2546        6      44D       0
                text32                             1EA8     1EA8       AE      44D       0
                text31                             1CF0     1CF0       E6      44D       0
                text30                             1BFC     1BFC       F4      44D       0
                text29                             24AC     24AC       24      44D       0
                text28                             16B0     16B0      1B2      44D       0
                text27                             21CC     21CC       6E      44D       0
                text26                             2528     2528        C      44D       0
                text25                             24EE     24EE       18      44D       0
                text24                             2422     2422       40      44D       0
                text23                             251C     251C        C      44D       0
                text22                             234E     234E       52      44D       0
                text21                             253E     253E        8      44D       0
                text20                             20E8     20E8       74      44D       0
                text19                             2488     2488       24      44D       0
                text18                             1862     1862      1A8      44D       0
                text17                             23E2     23E2       40      44D       0
                text16                             1DD6     1DD6       D2      44D       0
                text15                             2066     2066       82      44D       0
                text14                             223A     223A       66      44D       0
                text13                             22A0     22A0       5C      44D       0
                text12                             1B08     1B08       F4      44D       0
                text11                             1A0A     1A0A       FE      44D       0
                text10                             22FC     22FC       52      44D       0
                text9                              23A0     23A0       42      44D       0
                text8                              2462     2462       26      44D       0
                text7                              1452     1452      25E      44D       0
                text6                              24D0     24D0       1E      44D       0
                text5                              2534     2534        A      44D       0
                text4                              1FE2     1FE2       84      44D       0
                text3                              215C     215C       70      44D       0
                text2                              10EA     10EA      368      44D       0
                text1                               89A      89A      850      44D       0
                text0                              1F56     1F56       8C      44D       0
                cstackCOMRAM                          1        1       59        1       1
                cstackBANK0                          60       60       19       60       1
                bssBANK0                             79       79        8       60       1
                cinit                              2506     2506       16      44D       0

TOTAL           Name                               Link     Load   Length     Space
        CLASS   CODE           
                init                                  0        0        4         0
                text33                             2546     2546        6         0
                text32                             1EA8     1EA8       AE         0
                text31                             1CF0     1CF0       E6         0
                text30                             1BFC     1BFC       F4         0
                text29                             24AC     24AC       24         0
                text28                             16B0     16B0      1B2         0
                text27                             21CC     21CC       6E         0
                text26                             2528     2528        C         0
                text25                             24EE     24EE       18         0
                text24                             2422     2422       40         0
                text23                             251C     251C        C         0
                text22                             234E     234E       52         0
                text21                             253E     253E        8         0
                text20                             20E8     20E8       74         0
                text19                             2488     2488       24         0
                text18                             1862     1862      1A8         0
                text17                             23E2     23E2       40         0
                text16                             1DD6     1DD6       D2         0
                text15                             2066     2066       82         0
                text14                             223A     223A       66         0
                text13                             22A0     22A0       5C         0
                text12                             1B08     1B08       F4         0
                text11                             1A0A     1A0A       FE         0
                text10                             22FC     22FC       52         0
                text9                              23A0     23A0       42         0
                text8                              2462     2462       26         0
                text7                              1452     1452      25E         0
                text6                              24D0     24D0       1E         0
                text5                              2534     2534        A         0
                text4                              1FE2     1FE2       84         0
                text3                              215C     215C       70         0
                text2                              10EA     10EA      368         0
                text1                               89A      89A      850         0
                text0                              1F56     1F56       8C         0
                cinit                              2506     2506       16         0

        CLASS   CONST          

        CLASS   SMALLCONST     
                smallconst                          800      800       9A         0

        CLASS   MEDIUMCONST    

        CLASS   COMRAM         
                cstackCOMRAM                          1        1       59         1

        CLASS   ABS1           

        CLASS   BIGRAM         

        CLASS   RAM            

        CLASS   BANK0          
                cstackBANK0                          60       60       19         1
                bssBANK0                             79       79        8         1

        CLASS   BANK1          

        CLASS   BANK2          

        CLASS   BANK3          

        CLASS   BANK4          

        CLASS   BANK5          

        CLASS   BANK6          

        CLASS   BANK7          

        CLASS   SFR            

        CLASS   BIGSFR         

        CLASS   CONFIG         
                config                           300000   300000        E         4

        CLASS   IDLOC          
                idloc                            200000   200000        8         5

        CLASS   EEDATA         

        CLASS   FARRAM         

        CLASS   HEAP           

        CLASS   STACK          



SEGMENTS        Name                           Load    Length   Top    Selector   Space  Class

                reset_vec                      000000  000004  000004         0       0  CODE    
                cstackCOMRAM                   000001  000059  00005A         1       1  COMRAM  
                cstackBANK0                    000060  000021  000081        60       1  BANK0   
                smallconst                     000800  00009A  00089A       400       0  SMALLCON
                text1                          00089A  001CB2  00254C       44D       0  CODE    


UNUSED ADDRESS RANGES

        Name                Unused          Largest block    Delta
        BANK0            000081-0000FF               7F
        BANK1            000100-0001FF              100
        BANK2            000200-0002FF              100
        BANK3            000300-0003FF              100
        BANK4            000400-0004FF              100
        BANK5            000500-0005FF              100
        BANK6            000600-0006FF              100
        BANK7            000700-0007FF              100
        BIGRAM           00005A-00005F                6
                         000081-0007FF              77F
        BIGSFR           000F60-000FFF               A0
        CODE             000004-0007FF              7FC
                         00254C-007FFF             5AB4
        COMRAM           00005A-00005F                6
        CONST            000004-0007FF              7FC
                         00254C-007FFF             5AB4
        EEDATA           F00000-F000FF              100
        MEDIUMCONST      00254C-007FFF             5AB4
        RAM              000081-0007FF              100
        SFR              000F60-000FFF               A0
        SMALLCONST       00254C-007FFF              100

                                  Symbol Table

?___awdiv                  cstackCOMRAM 000007
?___awmod                  cstackCOMRAM 000001
?___ftadd                  cstackCOMRAM 000034
?___ftdiv                  cstackCOMRAM 00000C
?___ftmul                  cstackCOMRAM 00001B
?___ftneg                  cstackCOMRAM 000001
?___ftpack                 cstackCOMRAM 000001
?___ftsub                  cstackCOMRAM 000040
?___fttol                  cstackCOMRAM 000031
?___lldiv                  cstackCOMRAM 000001
?___llmod                  cstackCOMRAM 000001
?___lltoft                 cstackCOMRAM 000009
?___lwdiv                  cstackCOMRAM 000006
?___lwmod                  cstackCOMRAM 000001
?___lwtoft                 cstackCOMRAM 000009
?___wmul                   cstackCOMRAM 00000D
?__div_to_l_               cstackCOMRAM 000001
?__tdiv_to_l_              cstackCOMRAM 000001
?_fround                   cstackCOMRAM 00002A
?_printf                   cstackCOMRAM 000046
?_scale                    cstackCOMRAM 00002A
DHT22_read@bits            cstackCOMRAM 000033
DHT22_read@dht_humedad     cstackCOMRAM 00002C
DHT22_read@dht_temperatura cstackCOMRAM 00002A
DHT22_read@i               cstackCOMRAM 00003A
DHT22_read@j               cstackCOMRAM 00003B
DHT22_read@rawhumidity     cstackCOMRAM 000030
DHT22_read@rawtemperature  cstackCOMRAM 000038
DHT22_read@result          cstackCOMRAM 000032
LCD_cmd@dato               cstackCOMRAM 000002
LCD_dato@dato              cstackCOMRAM 000002
LCD_printf@dato            cstackCOMRAM 000003
LCD_write@dato             cstackCOMRAM 000001
_DHT22_init                text33       002546
_DHT22_read                text28       0016B0
_LATCbits                  (abs)        000F8B
_LATDbits                  (abs)        000F8C
_LCD_clear                 text25       0024EE
_LCD_cmd                   text26       002528
_LCD_dato                  text23       00251C
_LCD_init                  text24       002422
_LCD_printf                text22       00234E
_LCD_segunda_linea         text21       00253E
_LCD_write                 text27       0021CC
_OSCCON                    (abs)        000FD3
_PORTCbits                 (abs)        000F82
_TRISCbits                 (abs)        000F94
_TRISDbits                 (abs)        000F95
__HRAM                     (abs)        000000
__Habs1                    abs1         000000
__Hbank0                   bank0        000000
__Hbank1                   bank1        000000
__Hbank2                   bank2        000000
__Hbank3                   bank3        000000
__Hbank4                   bank4        000000
__Hbank5                   bank5        000000
__Hbank6                   bank6        000000
__Hbank7                   bank7        000000
__Hbigbss                  bigbss       000000
__Hbigdata                 bigdata      000000
__Hbigram                  bigram       000000
__Hbigsfr                  bigsfr       000000
__Hbss                     bss          000000
__HbssBANK0                bssBANK0     000000
__Hcinit                   cinit        000000
__Hclrtext                 clrtext      000000
__Hcomram                  comram       000000
__Hconfig                  config       30000E
__Hconst                   const        000000
__HcstackBANK0             cstackBANK0  000000
__HcstackCOMRAM            cstackCOMRAM 000000
__Hdata                    data         000000
__Heeprom_data             eeprom_data  000000
__Hfarbss                  farbss       000000
__Hfardata                 fardata      000000
__Hheap                    heap         000000
__Hibigdata                ibigdata     000000
__Hidata                   idata        000000
__Hidloc                   idloc        200008
__Hifardata                ifardata     000000
__Hinit                    init         000004
__Hintcode                 intcode      000000
__Hintcode_body            intcode_body 000000
__Hintcodelo               intcodelo    000000
__Hintentry                intentry     000000
__Hintret                  intret       000000
__Hintsave_regs            intsave_regs 000000
__Hirdata                  irdata       000000
__Hmediumconst             mediumconst  000000
__HnvFARRAM                nvFARRAM     000000
__Hnvbit                   nvbit        000000
__Hnvrram                  nvrram       000000
__Hparam                   rparam       000000
__Hpowerup                 powerup      000000
__Hram                     ram          000000
__Hramtop                  ramtop       000800
__Hrbit                    rbit         000000
__Hrbss                    rbss         000000
__Hrdata                   rdata        000000
__Hreset_vec               reset_vec    000000
__Hrparam                  rparam       000000
__Hsfr                     sfr          000000
__Hsmallconst              smallconst   00089A
__Hspace_0                 (abs)        00254C
__Hspace_1                 (abs)        000081
__Hspace_2                 (abs)        000000
__Hspace_4                 (abs)        60000E
__Hstack                   stack        000000
__Hstruct                  struct       000000
__Htemp                    temp         000000
__Htext                    text         000000
__Htext0                   text0        000000
__Htext1                   text1        000000
__Htext10                  text10       000000
__Htext11                  text11       000000
__Htext12                  text12       000000
__Htext13                  text13       000000
__Htext14                  text14       000000
__Htext15                  text15       000000
__Htext16                  text16       000000
__Htext17                  text17       000000
__Htext18                  text18       000000
__Htext19                  text19       000000
__Htext2                   text2        000000
__Htext20                  text20       000000
__Htext21                  text21       000000
__Htext22                  text22       000000
__Htext23                  text23       000000
__Htext24                  text24       000000
__Htext25                  text25       000000
__Htext26                  text26       000000
__Htext27                  text27       000000
__Htext28                  text28       000000
__Htext29                  text29       000000
__Htext3                   text3        000000
__Htext30                  text30       000000
__Htext31                  text31       000000
__Htext32                  text32       000000
__Htext33                  text33       000000
__Htext4                   text4        000000
__Htext5                   text5        000000
__Htext6                   text6        000000
__Htext7                   text7        000000
__Htext8                   text8        000000
__Htext9                   text9        000000
__LRAM                     (abs)        000001
__Labs1                    abs1         000000
__Lbank0                   bank0        000000
__Lbank1                   bank1        000000
__Lbank2                   bank2        000000
__Lbank3                   bank3        000000
__Lbank4                   bank4        000000
__Lbank5                   bank5        000000
__Lbank6                   bank6        000000
__Lbank7                   bank7        000000
__Lbigbss                  bigbss       000000
__Lbigdata                 bigdata      000000
__Lbigram                  bigram       000000
__Lbigsfr                  bigsfr       000000
__Lbss                     bss          000000
__LbssBANK0                bssBANK0     000000
__Lcinit                   cinit        000000
__Lclrtext                 clrtext      000000
__Lcomram                  comram       000000
__Lconfig                  config       000000
__Lconst                   const        000000
__LcstackBANK0             cstackBANK0  000000
__LcstackCOMRAM            cstackCOMRAM 000000
__Ldata                    data         000000
__Leeprom_data             eeprom_data  000000
__Lfarbss                  farbss       000000
__Lfardata                 fardata      000000
__Lheap                    heap         000000
__Libigdata                ibigdata     000000
__Lidata                   idata        000000
__Lidloc                   idloc        000000
__Lifardata                ifardata     000000
__Linit                    init         000000
__Lintcode                 intcode      000000
__Lintcode_body            intcode_body 000000
__Lintcodelo               intcodelo    000000
__Lintentry                intentry     000000
__Lintret                  intret       000000
__Lintsave_regs            intsave_regs 000000
__Lirdata                  irdata       000000
__Lmediumconst             mediumconst  000000
__LnvFARRAM                nvFARRAM     000000
__Lnvbit                   nvbit        000000
__Lnvrram                  nvrram       000000
__Lparam                   rparam       000000
__Lpowerup                 powerup      000000
__Lram                     ram          000000
__Lramtop                  ramtop       000800
__Lrbit                    rbit         000000
__Lrbss                    rbss         000000
__Lrdata                   rdata        000000
__Lreset_vec               reset_vec    000000
__Lrparam                  rparam       000000
__Lsfr                     sfr          000000
__Lsmallconst              smallconst   000800
__Lspace_0                 (abs)        000000
__Lspace_1                 (abs)        000000
__Lspace_2                 (abs)        000000
__Lspace_4                 (abs)        000000
__Lstack                   stack        000000
__Lstruct                  struct       000000
__Ltemp                    temp         000000
__Ltext                    text         000000
__Ltext0                   text0        000000
__Ltext1                   text1        000000
__Ltext10                  text10       000000
__Ltext11                  text11       000000
__Ltext12                  text12       000000
__Ltext13                  text13       000000
__Ltext14                  text14       000000
__Ltext15                  text15       000000
__Ltext16                  text16       000000
__Ltext17                  text17       000000
__Ltext18                  text18       000000
__Ltext19                  text19       000000
__Ltext2                   text2        000000
__Ltext20                  text20       000000
__Ltext21                  text21       000000
__Ltext22                  text22       000000
__Ltext23                  text23       000000
__Ltext24                  text24       000000
__Ltext25                  text25       000000
__Ltext26                  text26       000000
__Ltext27                  text27       000000
__Ltext28                  text28       000000
__Ltext29                  text29       000000
__Ltext3                   text3        000000
__Ltext30                  text30       000000
__Ltext31                  text31       000000
__Ltext32                  text32       000000
__Ltext33                  text33       000000
__Ltext4                   text4        000000
__Ltext5                   text5        000000
__Ltext6                   text6        000000
__Ltext7                   text7        000000
__Ltext8                   text8        000000
__Ltext9                   text9        000000
__S0                       (abs)        00254C
__S1                       (abs)        000081
__S4                       (abs)        000000
__S5                       (abs)        000000
___awdiv                   text4        001FE2
___awdiv@counter           cstackCOMRAM 00000B
___awdiv@dividend          cstackCOMRAM 000007
___awdiv@divisor           cstackCOMRAM 000009
___awdiv@quotient          cstackCOMRAM 00000D
___awdiv@sign              cstackCOMRAM 00000C
___awmod                   text3        00215C
___awmod@counter           cstackCOMRAM 000005
___awmod@dividend          cstackCOMRAM 000001
___awmod@divisor           cstackCOMRAM 000003
___awmod@sign              cstackCOMRAM 000006
___ftadd                   text18       001862
___ftadd@exp1              cstackCOMRAM 00003F
___ftadd@exp2              cstackCOMRAM 00003E
___ftadd@f1                cstackCOMRAM 000034
___ftadd@f2                cstackCOMRAM 000037
___ftadd@sign              cstackCOMRAM 00003D
___ftdiv                   text31       001CF0
___ftdiv@cntr              cstackCOMRAM 000015
___ftdiv@exp               cstackCOMRAM 000019
___ftdiv@f1                cstackCOMRAM 00000C
___ftdiv@f2                cstackCOMRAM 00000F
___ftdiv@f3                cstackCOMRAM 000016
___ftdiv@sign              cstackCOMRAM 00001A
___ftge                    text20       0020E8
___ftge@ff1                cstackCOMRAM 000001
___ftge@ff2                cstackCOMRAM 000004
___ftmul                   text30       001BFC
___ftmul@cntr              cstackCOMRAM 000028
___ftmul@exp               cstackCOMRAM 000024
___ftmul@f1                cstackCOMRAM 00001B
___ftmul@f2                cstackCOMRAM 00001E
___ftmul@f3_as_product     cstackCOMRAM 000025
___ftmul@sign              cstackCOMRAM 000029
___ftneg                   text19       002488
___ftneg@f1                cstackCOMRAM 000001
___ftpack                  text32       001EA8
___ftpack@arg              cstackCOMRAM 000001
___ftpack@exp              cstackCOMRAM 000004
___ftpack@sign             cstackCOMRAM 000005
___ftsub                   text17       0023E2
___ftsub@f1                cstackCOMRAM 000040
___ftsub@f2                cstackCOMRAM 000043
___fttol                   text16       001DD6
___fttol@exp1              cstackCOMRAM 00003F
___fttol@f1                cstackCOMRAM 000031
___fttol@lval              cstackCOMRAM 00003B
___fttol@sign1             cstackCOMRAM 00003A
___heap_hi                 (abs)        000000
___heap_lo                 (abs)        000000
___inthi_sp                stack        000000
___intlo_sp                stack        000000
___lldiv                   text15       002066
___lldiv@counter           cstackCOMRAM 00000D
___lldiv@dividend          cstackCOMRAM 000001
___lldiv@divisor           cstackCOMRAM 000005
___lldiv@quotient          cstackCOMRAM 000009
___llmod                   text14       00223A
___llmod@counter           cstackCOMRAM 000009
___llmod@dividend          cstackCOMRAM 000001
___llmod@divisor           cstackCOMRAM 000005
___lltoft                  text13       0022A0
___lltoft@c                cstackCOMRAM 000009
___lltoft@exp              cstackCOMRAM 000011
___lwdiv                   text10       0022FC
___lwdiv@counter           cstackCOMRAM 00000C
___lwdiv@dividend          cstackCOMRAM 000006
___lwdiv@divisor           cstackCOMRAM 000008
___lwdiv@quotient          cstackCOMRAM 00000A
___lwmod                   text9        0023A0
___lwmod@counter           cstackCOMRAM 000005
___lwmod@dividend          cstackCOMRAM 000001
___lwmod@divisor           cstackCOMRAM 000003
___lwtoft                  text29       0024AC
___lwtoft@c                cstackCOMRAM 000009
___param_bank              (abs)        000000
___rparam_used             (abs)        000001
___sp                      stack        000000
___wmul                    text8        002462
___wmul@multiplicand       cstackCOMRAM 00000F
___wmul@multiplier         cstackCOMRAM 00000D
___wmul@product            cstackCOMRAM 000011
__accesstop                (abs)        000060
__activetblptr             (abs)        000002
__div_to_l_                text12       001B08
__div_to_l_@cntr           cstackCOMRAM 00000B
__div_to_l_@exp1           cstackCOMRAM 00000C
__div_to_l_@f1             cstackCOMRAM 000001
__div_to_l_@f2             cstackCOMRAM 000004
__div_to_l_@quot           cstackCOMRAM 000007
__end_of_DHT22_init        text33       00254C
__end_of_DHT22_read        text28       001862
__end_of_LCD_clear         text25       002506
__end_of_LCD_cmd           text26       002534
__end_of_LCD_dato          text23       002528
__end_of_LCD_init          text24       002462
__end_of_LCD_printf        text22       0023A0
__end_of_LCD_segunda_linea text21       002546
__end_of_LCD_write         text27       00223A
__end_of___awdiv           text4        002066
__end_of___awmod           text3        0021CC
__end_of___ftadd           text18       001A0A
__end_of___ftdiv           text31       001DD6
__end_of___ftge            text20       00215C
__end_of___ftmul           text30       001CF0
__end_of___ftneg           text19       0024AC
__end_of___ftpack          text32       001F56
__end_of___ftsub           text17       002422
__end_of___fttol           text16       001EA8
__end_of___lldiv           text15       0020E8
__end_of___llmod           text14       0022A0
__end_of___lltoft          text13       0022FC
__end_of___lwdiv           text10       00234E
__end_of___lwmod           text9        0023E2
__end_of___lwtoft          text29       0024D0
__end_of___wmul            text8        002488
__end_of__div_to_l_        text12       001BFC
__end_of__initialization   cinit        002512
__end_of__npowers_         smallconst   00084F
__end_of__powers_          smallconst   000828
__end_of__tdiv_to_l_       text11       001B08
__end_of_dpowers           smallconst   000877
__end_of_fround            text7        0016B0
__end_of_isdigit           text6        0024EE
__end_of_main              text0        001FE2
__end_of_printf            text1        0010EA
__end_of_putch             text5        00253E
__end_of_scale             text2        001452
__initialization           cinit        002506
__mediumconst              mediumconst  000000
__npowers_                 smallconst   000828
__pbssBANK0                bssBANK0     000079
__pcinit                   cinit        002506
__pcstackBANK0             cstackBANK0  000060
__pcstackCOMRAM            cstackCOMRAM 000001
__powers_                  smallconst   000801
__psmallconst              smallconst   000800
__ptext0                   text0        001F56
__ptext1                   text1        00089A
__ptext10                  text10       0022FC
__ptext11                  text11       001A0A
__ptext12                  text12       001B08
__ptext13                  text13       0022A0
__ptext14                  text14       00223A
__ptext15                  text15       002066
__ptext16                  text16       001DD6
__ptext17                  text17       0023E2
__ptext18                  text18       001862
__ptext19                  text19       002488
__ptext2                   text2        0010EA
__ptext20                  text20       0020E8
__ptext21                  text21       00253E
__ptext22                  text22       00234E
__ptext23                  text23       00251C
__ptext24                  text24       002422
__ptext25                  text25       0024EE
__ptext26                  text26       002528
__ptext27                  text27       0021CC
__ptext28                  text28       0016B0
__ptext29                  text29       0024AC
__ptext3                   text3        00215C
__ptext30                  text30       001BFC
__ptext31                  text31       001CF0
__ptext32                  text32       001EA8
__ptext33                  text33       002546
__ptext4                   text4        001FE2
__ptext5                   text5        002534
__ptext6                   text6        0024D0
__ptext7                   text7        001452
__ptext8                   text8        002462
__ptext9                   text9        0023A0
__ramtop                   ramtop       000800
__smallconst               smallconst   000800
__tdiv_to_l_               text11       001A0A
__tdiv_to_l_@cntr          cstackCOMRAM 00000E
__tdiv_to_l_@exp1          cstackCOMRAM 00000F
__tdiv_to_l_@f1            cstackCOMRAM 000001
__tdiv_to_l_@f2            cstackCOMRAM 000004
__tdiv_to_l_@quot          cstackCOMRAM 00000A
_dpowers                   smallconst   00084F
_fround                    text7        001452
_fround$1099               cstackCOMRAM 000030
_fround$1100               cstackCOMRAM 00002D
_isdigit                   text6        0024D0
_isdigit$882               cstackCOMRAM 000002
_main                      text0        001F56
_printf                    text1        00089A
_printf$1102               cstackBANK0  000060
_putch                     text5        002534
_scale                     text2        0010EA
_scale$1101                cstackCOMRAM 00002D
end_of_initialization      cinit        002512
fround@prec                cstackCOMRAM 000033
intlevel0                  text         000000
intlevel1                  text         000000
intlevel2                  text         000000
intlevel3                  text         000000
isa$std                    (abs)        000001
isa$xinst                  (abs)        000000
isdigit@c                  cstackCOMRAM 000003
main@humedad               cstackCOMRAM 000054
main@status                cstackCOMRAM 000053
main@temperatura           cstackCOMRAM 000057
printf@ap                  cstackBANK0  000063
printf@c                   cstackBANK0  000078
printf@eexp                cstackBANK0  000071
printf@f                   cstackCOMRAM 000046
printf@flag                cstackBANK0  000069
printf@fval                cstackBANK0  000073
printf@prec                cstackBANK0  000076
printf@tmpval              cstackBANK0  00006D
printf@val                 cstackBANK0  000065
printf@width               cstackBANK0  00006B
putch@dato                 cstackCOMRAM 000003
scale@scl                  cstackCOMRAM 000030
stackhi                    (abs)        000000
stacklo                    (abs)        000000
start                      init         000000
start_initialization       cinit        002506


MODULE INFORMATION

Module		Function		Class		Link	Load	Size
C:\Program Files\Microchip\xc8\v2.36\pic\sources\c90\common\ftsub.c
		___ftsub       		CODE           	23E2	0000	64

C:\Program Files\Microchip\xc8\v2.36\pic\sources\c90\common\ftsub.c estimated size: 64

C:\Program Files\Microchip\xc8\v2.36\pic\sources\c90\common\doprnt.c
		_scale         		CODE           	10EA	0000	872
		_printf        		CODE           	089A	0000	2128
		_fround        		CODE           	1452	0000	606

C:\Program Files\Microchip\xc8\v2.36\pic\sources\c90\common\doprnt.c estimated size: 3606

C:\Program Files\Microchip\xc8\v2.36\pic\sources\c90\common\float.c
		___ftpack      		CODE           	1EA8	0000	174

C:\Program Files\Microchip\xc8\v2.36\pic\sources\c90\common\float.c estimated size: 174

C:\Program Files\Microchip\xc8\v2.36\pic\sources\c90\common\lwtoft.c
		___lwtoft      		CODE           	24AC	0000	36

C:\Program Files\Microchip\xc8\v2.36\pic\sources\c90\common\lwtoft.c estimated size: 36

C:\Program Files\Microchip\xc8\v2.36\pic\sources\c90\common\lltoft.c
		___lltoft      		CODE           	22A0	0000	92

C:\Program Files\Microchip\xc8\v2.36\pic\sources\c90\common\lltoft.c estimated size: 92

C:\Program Files\Microchip\xc8\v2.36\pic\sources\c90\common\lwmod.c
		___lwmod       		CODE           	23A0	0000	66

C:\Program Files\Microchip\xc8\v2.36\pic\sources\c90\common\lwmod.c estimated size: 66

C:\Program Files\Microchip\xc8\v2.36\pic\sources\c90\common\awmod.c
		___awmod       		CODE           	215C	0000	112

C:\Program Files\Microchip\xc8\v2.36\pic\sources\c90\common\awmod.c estimated size: 112

C:\Program Files\Microchip\xc8\v2.36\pic\sources\c90\common\ftge.c
		___ftge        		CODE           	20E8	0000	116

C:\Program Files\Microchip\xc8\v2.36\pic\sources\c90\common\ftge.c estimated size: 116

C:\Program Files\Microchip\xc8\v2.36\pic\sources\c90\common\llmod.c
		___llmod       		CODE           	223A	0000	102

C:\Program Files\Microchip\xc8\v2.36\pic\sources\c90\common\llmod.c estimated size: 102

C:\Program Files\Microchip\xc8\v2.36\pic\sources\c90\common\ftdivl.c
		__tdiv_to_l_   		CODE           	1A0A	0000	254

C:\Program Files\Microchip\xc8\v2.36\pic\sources\c90\common\ftdivl.c estimated size: 254

C:\Program Files\Microchip\xc8\v2.36\pic\sources\c90\common\ftmul.c
		___ftmul       		CODE           	1BFC	0000	244

C:\Program Files\Microchip\xc8\v2.36\pic\sources\c90\common\ftmul.c estimated size: 244

C:\Program Files\Microchip\xc8\v2.36\pic\sources\c90\common\Umul16.c
		___wmul        		CODE           	2462	0000	38

C:\Program Files\Microchip\xc8\v2.36\pic\sources\c90\common\Umul16.c estimated size: 38

C:\Program Files\Microchip\xc8\v2.36\pic\sources\c90\common\ftdiv.c
		___ftdiv       		CODE           	1CF0	0000	230

C:\Program Files\Microchip\xc8\v2.36\pic\sources\c90\common\ftdiv.c estimated size: 230

C:\Program Files\Microchip\xc8\v2.36\pic\sources\c90\common\fldivl.c
		__div_to_l_    		CODE           	1B08	0000	244

C:\Program Files\Microchip\xc8\v2.36\pic\sources\c90\common\fldivl.c estimated size: 244

C:\Program Files\Microchip\xc8\v2.36\pic\sources\c90\common\lwdiv.c
		___lwdiv       		CODE           	22FC	0000	82

C:\Program Files\Microchip\xc8\v2.36\pic\sources\c90\common\lwdiv.c estimated size: 82

C:\Program Files\Microchip\xc8\v2.36\pic\sources\c90\common\awdiv.c
		___awdiv       		CODE           	1FE2	0000	132

C:\Program Files\Microchip\xc8\v2.36\pic\sources\c90\common\awdiv.c estimated size: 132

C:\Program Files\Microchip\xc8\v2.36\pic\sources\c90\common\__lldiv.c
		___lldiv       		CODE           	2066	0000	130

C:\Program Files\Microchip\xc8\v2.36\pic\sources\c90\common\__lldiv.c estimated size: 130

DHT22.h
		_DHT22_init    		CODE           	2546	0000	6
		_DHT22_read    		CODE           	16B0	0000	434

DHT22.h estimated size: 440

C:\Program Files\Microchip\xc8\v2.36\pic\sources\c90\common\fttol.c
		___fttol       		CODE           	1DD6	0000	210

C:\Program Files\Microchip\xc8\v2.36\pic\sources\c90\common\fttol.c estimated size: 210

shared
		__powers_      		SMALLCONST     	0801	0000	39
		_dpowers       		SMALLCONST     	084F	0000	40
		__npowers_     		SMALLCONST     	0828	0000	39
		__initialization		CODE           	2506	0000	12

shared estimated size: 130

C:\Program Files\Microchip\xc8\v2.36\pic\sources\c90\common\ftadd.c
		___ftadd       		CODE           	1862	0000	424

C:\Program Files\Microchip\xc8\v2.36\pic\sources\c90\common\ftadd.c estimated size: 424

C:\Program Files\Microchip\xc8\v2.36\pic\sources\c90\common\isdigit.c
		_isdigit       		CODE           	24D0	0000	30

C:\Program Files\Microchip\xc8\v2.36\pic\sources\c90\common\isdigit.c estimated size: 30

main.c
		_main          		CODE           	1F56	0000	140

main.c estimated size: 140

C:\Program Files\Microchip\xc8\v2.36\pic\sources\c90\common\ftneg.c
		___ftneg       		CODE           	2488	0000	36

C:\Program Files\Microchip\xc8\v2.36\pic\sources\c90\common\ftneg.c estimated size: 36

LCD.c
		_LCD_clear     		CODE           	24EE	0000	24
		_LCD_printf    		CODE           	234E	0000	82
		_putch         		CODE           	2534	0000	10
		_LCD_write     		CODE           	21CC	0000	110
		_LCD_init      		CODE           	2422	0000	64
		_LCD_cmd       		CODE           	2528	0000	12
		_LCD_dato      		CODE           	251C	0000	12
		_LCD_segunda_linea		CODE           	253E	0000	8

LCD.c estimated size: 322

